tronty@ubuntu16:~/Asiakirjat/SDKs/ATI SDK/Samples$ grep -R 'Flare.tga'
Binääritiedosto Bin/QueryLightFlare-D3D9.exe täsmää hakuun
DirectX 9.0/QueryLightFlare/QueryLightFlare.cpp:    if( TEXTURE_NONE == ( m_flareTexture = renderer->addTexture( TEX_PATH "Flare.tga", FILTER_LINEAR, CLAMP ) ) )
DirectX 9.0/QueryLightFlare/media.ini:Flare.tga
tronty@ubuntu16:~/Asiakirjat/SDKs/ATI SDK/Samples$ grep -R FirePalette
DirectX 9.0/R2VB-Sort/particles.shd:sampler1D FirePalette;
DirectX 9.0/R2VB-Sort/particles.shd:			return tex1Dlod(FirePalette, fireCoord);
DirectX 9.0/R2VB-Sort/particles.shd:			return tex1D(FirePalette, fireCoord.x);
DirectX 9.0/R2VB-Sort/App.cpp:	if ((firePalette = renderer->addTexture(TEX_PATH "FirePalette.dds", FILTER_LINEAR, CLAMP)) == TEXTURE_NONE) return false;
DirectX 9.0/R2VB-Sort/App.cpp:	renderer->setTexture("FirePalette", firePalette);
DirectX 9.0/R2VB-Sort/media.ini:FirePalette.dds
tronty@ubuntu16:~/Asiakirjat/SDKs/ATI SDK/Samples$ 

tronty@ubuntu16:~/Asiakirjat/SDKs/NVIDIA Corporation/SDK 9.5/DEMOS$ grep -R 'fire_gradient3.png'
tronty@ubuntu16:~/Asiakirjat/SDKs/NVIDIA Corporation/SDK 9.5/DEMOS$ grep -R 'fire_gradient3'
Direct3D9/src/DXSAS/Dxsas.csproj:                    RelPath = "MEDIA\textures\1D\fire_gradient3.dds"
Direct3D9/src/DXSAS/MEDIA/HLSL/fireball.fx:	string ResourceName = "fire_gradient3.dds";
tronty@ubuntu16:~/Asiakirjat/SDKs/NVIDIA Corporation/SDK 9.5/DEMOS$

Direct3D9/src/Glow/GlowScene.cpp:#define TEXN_GLOW_01	TEXT("textures\\2D\\d3d_set1\\Glow_01.dds")

tronty@ubuntu16:~/Asiakirjat/SDKs/NVIDIA Corporation/SDK 9.5/DEMOS$ grep -R 'fire_front_mask'
Binääritiedosto OpenGL/bin/Release/cg_explosion.exe täsmää hakuun
OpenGL/src/cg_explosion/cg_explosion.vcproj:				RelativePath="..\..\..\..\MEDIA\textures\2D\fire_front_mask.dds">
OpenGL/src/cg_explosion/CVolumelines.cpp:	pathname = progpath.get_file("fire_front_mask.dds");
OpenGL/src/cg_explosion/CVolumelines.cpp:				LOGMSG(LOG_ERR, "failed to upload fire_front_mask.dds in 2D OpenGL texture");
OpenGL/src/cg_explosion/CVolumelines.cpp:			LOGMSG(LOG_ERR, "failed to load fire_front_mask.dds");
OpenGL/src/cg_explosion/CVolumelines.cpp:		LOGMSG(LOG_ERR, "fire_front_mask.dds not found");
tronty@ubuntu16:~/Asiakirjat/SDKs/NVIDIA Corporation/SDK 9.5/DEMOS$ 


Path="..\..\..\..\MEDIA\textures\2D\fire_right_mask.dds">
OpenGL/src/cg_explosion/CVolumelines.cpp:	pathname = progpath.get_file("fire_right_mask.dds");

tronty@ubuntu16:~/Asiakirjat/SDKs/NVIDIA Corporation/SDK 9.5/DEMOS$ grep -R '\"grad'

Direct3D9/src/DXSAS/MEDIA/HLSL/pre_gradientTexture.fx:    string function = "gradient_tex";
OpenGL/src/cg_explosion/cg_Cexplosion.cpp:	pathname = progpath.get_file("grad3.dds");
OpenGL/src/cg_explosion/cg_Cexplosion.cpp:		LOGMSG(LOG_ERR, "grad3.dds not found");
OpenGL/src/cg_explosion/cg_Cdisc.cpp:    read_png_rgb("grad1.png", img);
OpenGL/src/cg_explosion/cg_Cdisc.cpp:    read_png_rgb("grad2.png", img);
OpenGL/src/shared/geep/fluidbase.cpp:    _subtractGradient.InitializeFP(context, programsPath + "flo.cg", "gradient");
tronty@ubuntu16:~/Asiakirjat/SDKs/NVIDIA Corporation/SDK 9.5/DEMOS$ 
Direct3D9/src/DXSAS/Dxsas.csproj:                    RelPath = "MEDIA\textures\1D\FireGrade.bmp"
Direct3D9/src/DXSAS/MEDIA/HLSL/vbomb.fx:    string ResourceName = "1D\\FireGrade.bmp";



